ets Jul 29 2019 12:21:46

rst:0x1 (POWERON_RESET),boot:0x13 (SPI_FAST_FLASH_BOOT)
configsip: 271414342, SPIWP:0xee
clk_drv:0x00,q_drv:0x00,d_drv:0x00,cs0_drv:0x00,hd_drv:0x00,wp_drv:0x00
mode:DIO, clock div:1
load:0x3fff0040,len:6272
load:0x40078000,len:15784
load:0x40080400,len:3988
entry 0x40080644
I (28) boot: ESP-IDF v6.1 2nd stage bootloader
I (28) boot: compile time Aug 29 2026 11:24:00
I (28) boot: Multicore bootloader
I (29) boot: chip revision: v3.0
I (32) boot.esp32: SPI Speed      : 80MHz
I (36) boot.esp32: SPI Mode       : DIO
I (39) boot.esp32: SPI Flash Size : 8MB
I (43) boot: Enabling RNG early entropy source...
I (47) boot: Partition Table:
I (50) boot: ## Label            Usage          Type ST Offset   Length
I (56) boot:  0 nvs              WiFi data        01 02 00009000 00006000
I (63) boot:  1 phy_init         RF data          01 01 0000f000 00001000
I (69) boot:  2 factory          factory app      00 00 00010000 00177000
I (76) boot: End of partition table
I (79) esp_image: segment 0: paddr=00010020 vaddr=3f400020 size=14858h ( 84056) map
I (112) esp_image: segment 1: paddr=00024880 vaddr=3ffbdb60 size=05028h ( 20520) load
I (119) esp_image: segment 2: paddr=000298b0 vaddr=40080000 size=06768h ( 26472) load
I (128) esp_image: segment 3: paddr=00030020 vaddr=400d0020 size=4ba50h (309840) map
I (220) esp_image: segment 4: paddr=0007ba78 vaddr=40086768 size=1067ch ( 67196) load
I (244) esp_image: segment 5: paddr=0008c0fc vaddr=50000000 size=00028h (    40) load
I (256) boot: Loaded app from partition at offset 0x10000
I (256) boot: Disabling RNG early entropy source...
I (266) cpu_start: Multicore app
I (274) cpu_start: GPIO 3 and 1 are used as console UART I/O pins
I (275) cpu_start: Pro cpu start user code
I (275) cpu_start: cpu freq: 160000000 Hz
I (277) app_init: Application information:
I (280) app_init: Project name:     wildfire_monitor
I (285) app_init: App version:      1
I (288) app_init: Compile time:     Aug 29 2026 11:24:12
I (293) app_init: ELF file SHA256:  a660f3c5e...
I (298) app_init: ESP-IDF:          v6.1
I (301) efuse_init: Min chip rev:     v0.0
I (305) efuse_init: Max chip rev:     v3.99 
I (309) efuse_init: Chip rev:         v3.0
I (313) heap_init: Initializing. RAM available for dynamic allocation:
I (319) heap_init: At 3FFAFF10 len 000000F0 (0 KiB): DRAM
I (324) heap_init: At 3FFB6388 len 00001C78 (7 KiB): DRAM
I (330) heap_init: At 3FFB9A20 len 00004108 (16 KiB): DRAM
I (335) heap_init: At 3FFC7B88 len 00018478 (97 KiB): DRAM
I (340) heap_init: At 3FFE0440 len 00003AE0 (14 KiB): D/IRAM
I (345) heap_init: At 3FFE4350 len 0001BCB0 (111 KiB): D/IRAM
I (351) heap_init: At 40096DE4 len 0000921C (36 KiB): IRAM
I (357) spi_flash: detected chip: generic
I (360) spi_flash: flash io: dio
I (364) coexist: coex firmware version: a830d28
I (368) main_task: Started on CPU0
I (370) main_task: Calling app_main()
I (854) main: wildfire_monitor BLE scanner, IDF v6.1
I (869) BTDM_INIT: BT controller compile version [4a0f94d]
I (869) BTDM_INIT: Using main XTAL as clock source
I (870) BTDM_INIT: Bluetooth MAC: 64:b7:08:84:b0:66
I (874) phy_init: phy_version 4863,a3a4459,Oct 28 2025,14:30:06
I (949) phy_init: Saving new calibration data due to checksum failure or outdated calibration data, mode(0)
BLE_READY own_addr=64:b7:08:84:b0:66 type=0
[5n
Type 'help' to get the list of commands.
Use UP/DOWN arrows to navigate through command history.
Press TAB when typing command name to auto-complete.

Your terminal application does not support escape sequences.

Line editing and history features are disabled.

On Windows, try using Windows Terminal or Putty instead.
wf>  I (1869) main_task: Returned from app_main()

wf>  
=== $ scan 8
scan 8
SCAN_START secs=8 mode=active dedup=0
I (3009) NimBLE: GAP procedure initiated: discovery; 
I (3010) NimBLE: own_addr_type=0 filter_policy=0 passive=0 limited=0 filter_duplicates=0 
I (3023) NimBLE: duration=8000ms
I (3023) NimBLE: 

REDACTED devices=30 reason=third-party-scan see docs/adr/0001-captures-hold-raw-device-output-only.md
DEV idx=5 addr=c0:06:33:62:00:5f type=random name="YuanQuFOC274" rssi=-81/-69/-55 adv=30 rsp=29 itvl_us=199443/268370/417629 evt=adv_ind|scan_rsp adv_raw=0201060303e0ff0d095975616e5175464f43323734 rsp_raw=0d095975616e5175464f43323734
DEV idx=21 addr=40:18:03:01:20:e9 type=random name="CH10250DD0097" rssi=-94/-89/-75 adv=12 rsp=12 itvl_us=499261/549835/1005012 evt=adv_ind|scan_rsp adv_raw=0201060cff0203164018030120e9444c rsp_raw=0e0943483130323530444430303937
SCAN_END devices=32
wf>  
=== $ connect name Yuan
connect name Yuan
CONNECTING addr=c0:06:33:62:00:5f type=random
I (11609) NimBLE: GAP procedure initiated: connect; 
I (11610) NimBLE: peer_addr_type=1 peer_addr=
I (11611) NimBLE: c0:06:33:62:00:5f
I (11623) NimBLE:  scan_itvl=96 scan_window=80 itvl_min=24 itvl_max=80 latency=0 supervision_timeout=600 min_ce_len=0 max_ce_len=0 own_addr_type=0
I (11636) NimBLE: 

CONNECTED took_ms=464
CONN state=connected handle=0 peer=c0:06:33:62:00:5f peer_type=random own=64:b7:08:84:b0:66 itvl=80 (100.00 ms) latency=0 timeout=600 (6000 ms) mtu=23 rssi=-48 encrypted=0 authenticated=0 bonded=0 key_size=0
CONN peer_param_requests=0 itvl_min=0 itvl_max=0 latency=0 timeout=0
wf>  
=== $ mtu
mtu
I (12105) NimBLE: GATT procedure initiated: exchange mtu

MTU conn=0 cid=4 value=247
MTU_EXCHANGE rc=0 negotiated=247 effective=247
wf>  
=== $ discover
discover
I (12286) NimBLE: GATT procedure initiated: discover all services

I (12475) NimBLE: GATT procedure initiated: discover all characteristics; 
I (12477) NimBLE: start_handle=1 end_handle=4

I (12775) NimBLE: GAP procedure initiated: 
I (12776) NimBLE: connection parameter update; conn_handle=0 itvl_min=6 itvl_max=16 latency=0 supervision_timeout=100 min_ce_len=0 max_ce_len=0
I (12789) NimBLE: 

I (12875) NimBLE: GATT procedure initiated: discover all descriptors; 
I (12877) NimBLE: chr_val_handle=3 end_handle=4

I (13074) NimBLE: GATT procedure initiated: discover all characteristics; 
I (13076) NimBLE: start_handle=5 end_handle=13

CONN_UPDATE status=0
I (13495) NimBLE: GATT procedure initiated: discover all characteristics; 
I (13496) NimBLE: start_handle=14 end_handle=17

I (13574) NimBLE: GATT procedure initiated: discover all descriptors; 
I (13575) NimBLE: chr_val_handle=16 end_handle=17

I (13614) NimBLE: GATT procedure initiated: discover all characteristics; 
I (13616) NimBLE: start_handle=18 end_handle=65535

I (13694) NimBLE: GATT procedure initiated: discover all descriptors; 
I (13695) NimBLE: chr_val_handle=36 end_handle=65535

DISCOVER_OK took_ms=1448
SVC idx=0 start=0x0001 end=0x0004 uuid=0x1801 (gatt)
CHR idx=0 svc=0 def=0x0002 val=0x0003 end=0x0004 cccd=0x0004 props=-----I-(0x20) uuid=0x2a05 (service_changed)
DSC idx=0 chr=0 handle=0x0004 uuid=0x2902 (cccd)
SVC idx=1 start=0x0005 end=0x000d uuid=0x1800 (gap)
CHR idx=1 svc=1 def=0x0006 val=0x0007 end=0x0007 cccd=0x0000 props=-R-----(0x02) uuid=0x2a00 (device_name)
CHR idx=2 svc=1 def=0x0008 val=0x0009 end=0x0009 cccd=0x0000 props=-R-----(0x02) uuid=0x2a01 (appearance)
CHR idx=3 svc=1 def=0x000a val=0x000b end=0x000b cccd=0x0000 props=-R-----(0x02) uuid=0x2a04 (ppcp)
CHR idx=4 svc=1 def=0x000c val=0x000d end=0x000d cccd=0x0000 props=-R-----(0x02) uuid=0x2aa6
SVC idx=2 start=0x000e end=0x0011 uuid=0xffe0 (fardriver_service)
CHR idx=5 svc=2 def=0x000f val=0x0010 end=0x0011 cccd=0x0011 props=-Rw-N--(0x16) uuid=0xffec (fardriver_data)
DSC idx=1 chr=5 handle=0x0011 uuid=0x2902 (cccd)
SVC idx=3 start=0x0012 end=0xffff uuid=0x180a (device_information)
CHR idx=6 svc=3 def=0x0013 val=0x0014 end=0x0014 cccd=0x0000 props=-R-----(0x02) uuid=0x2a29 (manufacturer_name)
CHR idx=7 svc=3 def=0x0015 val=0x0016 end=0x0016 cccd=0x0000 props=-R-----(0x02) uuid=0x2a24 (model_number)
CHR idx=8 svc=3 def=0x0017 val=0x0018 end=0x0018 cccd=0x0000 props=-R-----(0x02) uuid=0x2a25 (serial_number)
CHR idx=9 svc=3 def=0x0019 val=0x001a end=0x001a cccd=0x0000 props=-R-----(0x02) uuid=0x2a27 (hardware_revision)
CHR idx=10 svc=3 def=0x001b val=0x001c end=0x001c cccd=0x0000 props=-R-----(0x02) uuid=0x2a26 (firmware_revision)
CHR idx=11 svc=3 def=0x001d val=0x001e end=0x001e cccd=0x0000 props=-R-----(0x02) uuid=0x2a28 (software_revision)
CHR idx=12 svc=3 def=0x001f val=0x0020 end=0x0020 cccd=0x0000 props=-R-----(0x02) uuid=0x2a23 (system_id)
CHR idx=13 svc=3 def=0x0021 val=0x0022 end=0x0022 cccd=0x0000 props=-R-----(0x02) uuid=0x2a2a
CHR idx=14 svc=3 def=0x0023 val=0x0024 end=0xffff cccd=0x0000 props=-R-----(0x02) uuid=0x2a50
GATT_END svcs=4 chrs=15 dscs=2
wf>  
=== $ sub all
sub all
I (13911) NimBLE: GATT procedure initiated: write; 
I (13912) NimBLE: att_handle=4 len=2

SUB chr=0 val_handle=0x0003 cccd=0x0004 value=0x0002 rc=0
I (13955) NimBLE: GATT procedure initiated: write; 
I (13956) NimBLE: att_handle=17 len=2

SUB chr=5 val_handle=0x0010 cccd=0x0011 value=0x0001 rc=0
SUBALL_END subscribed=2
wf>  
=== $ rec 20
rec 20
REC_START secs=20
REC_STOP frames=709 dropped=0 bytes=17016/20480
wf>  
=== $ rec dump
rec dump
REC n=0 t_us=7938 h=0x0010 len=16 data=aab00118000000000000feffffff0093
REC n=1 t_us=47846 h=0x0010 len=16 data=aab124042e00000000000000000084c6
REC n=2 t_us=67843 h=0x0010 len=16 data=aab2232f000000000000000000009ab5
REC n=3 t_us=107845 h=0x0010 len=16 data=aab3014a020500300004880018007178
REC n=4 t_us=127848 h=0x0010 len=16 data=aab40000800c890c7b0c440600003545
REC n=5 t_us=147853 h=0x0010 len=16 data=aab51900e84f7918060ee20ab000f2a3
REC n=6 t_us=187830 h=0x0010 len=16 data=aab6060806080000cb020122f13fe224
REC n=7 t_us=207854 h=0x0010 len=16 data=aa800118000000000000feff000040d3
REC n=8 t_us=247833 h=0x0010 len=16 data=aa8124042e000000000000000000c536
REC n=9 t_us=267863 h=0x0010 len=16 data=aa82232f00000000000000000000db45
REC n=10 t_us=287863 h=0x0010 len=16 data=aa83000100011101b70111019f00058c
REC n=11 t_us=327868 h=0x0010 len=16 data=aa840000090a10560001310051c45a55
REC n=12 t_us=347878 h=0x0010 len=16 data=aa8513088003e204080b1000507864d4
REC n=13 t_us=387863 h=0x0010 len=16 data=aa868403f4010400a00f8813c003f9eb
REC n=14 t_us=407870 h=0x0010 len=16 data=aa870118000000000000ffff00004a68
REC n=15 t_us=427876 h=0x0010 len=16 data=aa8824042e000000000000000000d8ff
REC n=16 t_us=467848 h=0x0010 len=16 data=aa89232f00000000000000000000c1ce
REC n=17 t_us=487877 h=0x0010 len=16 data=aa8a480c1c0207284901230020001521
REC n=18 t_us=527847 h=0x0010 len=16 data=aa8b40005c03474c775419031a0e80f3
REC n=19 t_us=547881 h=0x0010 len=16 data=aa8c2225bf0420034006b80b3e02672c
REC n=20 t_us=587852 h=0x0010 len=16 data=aa8d800c800000006c07102780008244
REC n=21 t_us=607883 h=0x0010 len=16 data=aa8e0118000000000000ffffffff5611
REC n=22 t_us=627884 h=0x0010 len=16 data=aa8f24042e000000000000000000d3b8
REC n=23 t_us=667868 h=0x0010 len=16 data=aa90232f00000000000000000000e297
REC n=24 t_us=687884 h=0x0010 len=16 data=aa910b000f00465a667332000b9ed1a0
REC n=25 t_us=727868 h=0x0010 len=16 data=aa92000000000000000000000000fbba
REC n=26 t_us=747887 h=0x0010 len=16 data=aa93d804480804242c01c003214fe1ad
REC n=27 t_us=767892 h=0x0010 len=16 data=aa94f0f465fffffff8080d00412af645
REC n=28 t_us=807870 h=0x0010 len=16 data=aa950118000000000000ffff000073ba
REC n=29 t_us=827895 h=0x0010 len=16 data=aa9624042e000000000000000000f0e1
REC n=30 t_us=867875 h=0x0010 len=16 data=aa97232f00000000000000000000e9d0
REC n=31 t_us=887899 h=0x0010 len=16 data=aa9807010200000056117eea00007aa4
REC n=32 t_us=907899 h=0x0010 len=16 data=aa991d00ab04a08c64502748395e1e28
REC n=33 t_us=947883 h=0x0010 len=16 data=aa9a646464625f5d5b5955010101d546
REC n=34 t_us=967908 h=0x0010 len=16 data=aa9b0101010100000000fbfbecd30e91
REC n=35 t_us=1007897 h=0x0010 len=16 data=aa9c0118000000000000feffffff6e3f
REC n=36 t_us=1027904 h=0x0010 len=16 data=aa9d24042e000000000000000000ea6a
REC n=37 t_us=1047907 h=0x0010 len=16 data=aa9e232f00000000000000000000f419
REC n=38 t_us=1087887 h=0x0010 len=16 data=aa9fb5a1b0bfd800000000000000dfe1
REC n=39 t_us=1107909 h=0x0010 len=16 data=aaa000000000020c000035006a00d1bd
REC n=40 t_us=1147887 h=0x0010 len=16 data=aaa188044a5357583036323430360894
REC n=41 t_us=1167911 h=0x0010 len=16 data=aaa231344e4242463930333500005e71
REC n=42 t_us=1207892 h=0x0010 len=16 data=aaa30118000000000000feff00003a70
REC n=43 t_us=1227915 h=0x0010 len=16 data=aaa424042e000000000000000000b653
REC n=44 t_us=1247915 h=0x0010 len=16 data=aaa5232f00000000000000000000af62
REC n=45 t_us=1287902 h=0x0010 len=16 data=aaa6000000000000000000000000b4ce
REC n=46 t_us=1307917 h=0x0010 len=16 data=aaa7000000000000000000000000b64f
REC n=47 t_us=1347899 h=0x0010 len=16 data=aaa801801b000000400052a8194013c9
REC n=48 t_us=1367920 h=0x0010 len=16 data=aaa9028288135c4488132400ec02f999
REC n=49 t_us=1387924 h=0x0010 len=16 data=aaaa0118000000000000feff000027b9
REC n=50 t_us=1427905 h=0x0010 len=16 data=aaab24042e000000000000000000a25c
REC n=51 t_us=1447924 h=0x0010 len=16 data=aaac232f00000000000000000000b2ab
REC n=52 t_us=1487906 h=0x0010 len=16 data=aaad0048005f00021000000100801d27
REC n=53 t_us=1528540 h=0x0010 len=16 data=aaae55f04b0b18000000803a40005cef
REC n=54 t_us=1528689 h=0x0010 len=16 data=aaaf08610005460c2f78a00f090076a9
REC n=55 t_us=1567911 h=0x0010 len=16 data=aab00118000000000000feffffff0093
REC n=56 t_us=1587938 h=0x0010 len=16 data=aab124042e00000000000000000084c6
REC n=57 t_us=1627922 h=0x0010 len=16 data=aab2232f000000000000000000009ab5
REC n=58 t_us=1668545 h=0x0010 len=16 data=aab3014a020500300004880018007178
REC n=59 t_us=1668695 h=0x0010 len=16 data=aab40000800c890c7b0c440600003545
REC n=60 t_us=1707917 h=0x0010 len=16 data=aab51900e84f7918060ee70ab000f26f
REC n=61 t_us=1727936 h=0x0010 len=16 data=aab6060806080000cb020122f13fe224
REC n=62 t_us=1767917 h=0x0010 len=16 data=aa800118000000000000feffffff4163
REC n=63 t_us=1787940 h=0x0010 len=16 data=aa8124042e000000000000000000c536
REC n=64 t_us=1827938 h=0x0010 len=16 data=aa82232f00000000000000000000db45
REC n=65 t_us=1847938 h=0x0010 len=16 data=aa83000100011101b70111019f00058c
REC n=66 t_us=1867942 h=0x0010 len=16 data=aa840000090a10560001310051c45a55
REC n=67 t_us=1907942 h=0x0010 len=16 data=aa8513088003e204080b1000507864d4
REC n=68 t_us=1927942 h=0x0010 len=16 data=aa868403f4010400a00f8813c003f9eb
REC n=69 t_us=1967942 h=0x0010 len=16 data=aa870118000000000000feff00004b94
REC n=70 t_us=1987946 h=0x0010 len=16 data=aa8824042e000000000000000000d8ff
REC n=71 t_us=2007953 h=0x0010 len=16 data=aa89232f00000000000000000000c1ce
REC n=72 t_us=2047949 h=0x0010 len=16 data=aa8a480c1c0207284901230020001521
REC n=73 t_us=2067970 h=0x0010 len=16 data=aa8b40005c03474c775419031a0e80f3
REC n=74 t_us=2107951 h=0x0010 len=16 data=aa8c2225bf0420034006b80b3e02672c
REC n=75 t_us=2127953 h=0x0010 len=16 data=aa8d800c800000006c07102780008244
REC n=76 t_us=2147955 h=0x0010 len=16 data=aa8e0118000000000000feffffff57ed
REC n=77 t_us=2187960 h=0x0010 len=16 data=aa8f24042e000000000000000000d3b8
REC n=78 t_us=2207961 h=0x0010 len=16 data=aa90232f00000000000000000000e297
REC n=79 t_us=2247973 h=0x0010 len=16 data=aa910b000f00465a667332000b9ed1a0
REC n=80 t_us=2267960 h=0x0010 len=16 data=aa92000000000000000000000000fbba
REC n=81 t_us=2287967 h=0x0010 len=16 data=aa93d804480804242c01c003214fe1ad
REC n=82 t_us=2327964 h=0x0010 len=16 data=aa94f0f465fffffff8080d00412af645
REC n=83 t_us=2347964 h=0x0010 len=16 data=aa950118000000000000feff00007246
REC n=84 t_us=2387964 h=0x0010 len=16 data=aa9624042e000000000000000000f0e1
REC n=85 t_us=2407986 h=0x0010 len=16 data=aa97232f00000000000000000000e9d0
REC n=86 t_us=2447968 h=0x0010 len=16 data=aa9807010200000056117eea00007aa4
REC n=87 t_us=2467970 h=0x0010 len=16 data=aa991d00ab04a08c64502748395e1e28
REC n=88 t_us=2487974 h=0x0010 len=16 data=aa9a646464625f5d5b5955010101d546
REC n=89 t_us=2527976 h=0x0010 len=16 data=aa9b0101010100000000fbfbecd30e91
REC n=90 t_us=2547972 h=0x0010 len=16 data=aa9c0118000000000000feffffff6e3f
REC n=91 t_us=2587974 h=0x0010 len=16 data=aa9d24042e000000000000000000ea6a
REC n=92 t_us=2607977 h=0x0010 len=16 data=aa9e232f00000000000000000000f419
REC n=93 t_us=2627985 h=0x0010 len=16 data=aa9fb5a1b0bfd800000000000000dfe1
REC n=94 t_us=2667981 h=0x0010 len=16 data=aaa000000000020c000035006a00d1bd
REC n=95 t_us=2687981 h=0x0010 len=16 data=aaa188044a5357583036323430360894
REC n=96 t_us=2727985 h=0x0010 len=16 data=aaa231344e4242463930333500005e71
REC n=97 t_us=2748004 h=0x0010 len=16 data=aaa30118000000000000ffffffff3a3c
REC n=98 t_us=2767989 h=0x0010 len=16 data=aaa424042e000000000000000000b653
REC n=99 t_us=2807991 h=0x0010 len=16 data=aaa5232f00000000000000000000af62
REC n=100 t_us=2827995 h=0x0010 len=16 data=aaa6000000000000000000000000b4ce
REC n=101 t_us=2868012 h=0x0010 len=16 data=aaa7000000000000000000000000b64f
REC n=102 t_us=2887993 h=0x0010 len=16 data=aaa801801b000000400052a8194013c9
REC n=103 t_us=2927995 h=0x0010 len=16 data=aaa9028288135c4488132400ec02f999
REC n=104 t_us=2947997 h=0x0010 len=16 data=aaaa0118000000000000feffffff2609
REC n=105 t_us=2968002 h=0x0010 len=16 data=aaab24042e000000000000000000a25c
REC n=106 t_us=3008000 h=0x0010 len=16 data=aaac232f00000000000000000000b2ab
REC n=107 t_us=3028004 h=0x0010 len=16 data=aaad0048005f00021000000100801d27
REC n=108 t_us=3068000 h=0x0010 len=16 data=aaae55f04b0b18000000803a40005cef
REC n=109 t_us=3088006 h=0x0010 len=16 data=aaaf08610005460c2f78a00f090076a9
REC n=110 t_us=3108006 h=0x0010 len=16 data=aab00118000000000000feffffff0093
REC n=111 t_us=3148006 h=0x0010 len=16 data=aab124042e00000000000000000084c6
REC n=112 t_us=3168006 h=0x0010 len=16 data=aab2232f000000000000000000009ab5
REC n=113 t_us=3208010 h=0x0010 len=16 data=aab3014a020500300004880018007178
REC n=114 t_us=3228010 h=0x0010 len=16 data=aab40000800c890c7b0c440600003545
REC n=115 t_us=3248014 h=0x0010 len=16 data=aab51900e84f7918060e5f0ab000d6cf
REC n=116 t_us=3288014 h=0x0010 len=16 data=aab6060806080000cb020122f13fe224
REC n=117 t_us=3308016 h=0x0010 len=16 data=aa800118000000000000feffffff4163
REC n=118 t_us=3348012 h=0x0010 len=16 data=aa8124042e000000000000000000c536
REC n=119 t_us=3368020 h=0x0010 len=16 data=aa82232f00000000000000000000db45
REC n=120 t_us=3388021 h=0x0010 len=16 data=aa83000100011101b70111019f00058c
REC n=121 t_us=3428022 h=0x0010 len=16 data=aa840000090a10560001310051c45a55
REC n=122 t_us=3448027 h=0x0010 len=16 data=aa8513088003e204080b1000507864d4
REC n=123 t_us=3488037 h=0x0010 len=16 data=aa868403f4010400a00f8813c003f9eb
REC n=124 t_us=3508025 h=0x0010 len=16 data=aa870118000000000000ffffffff4bd8
REC n=125 t_us=3548027 h=0x0010 len=16 data=aa8824042e000000000000000000d8ff
REC n=126 t_us=3568027 h=0x0010 len=16 data=aa89232f00000000000000000000c1ce
REC n=127 t_us=3588034 h=0x0010 len=16 data=aa8a480c1c0207284901230020001521
REC n=128 t_us=3628032 h=0x0010 len=16 data=aa8b40005c03474c775419031a0e80f3
REC n=129 t_us=3648034 h=0x0010 len=16 data=aa8c2225bf0420034006b80b3e02672c
REC n=130 t_us=3688032 h=0x0010 len=16 data=aa8d800c800000006c07102780008244
REC n=131 t_us=3708037 h=0x0010 len=16 data=aa8e0118000000000000ffff000057a1
REC n=132 t_us=3728039 h=0x0010 len=16 data=aa8f24042e000000000000000000d3b8
REC n=133 t_us=3768039 h=0x0010 len=16 data=aa90232f00000000000000000000e297
REC n=134 t_us=3788041 h=0x0010 len=16 data=aa910b000f00465a667332000b9ed1a0
REC n=135 t_us=3828047 h=0x0010 len=16 data=aa92000000000000000000000000fbba
REC n=136 t_us=3848043 h=0x0010 len=16 data=aa93d804480804242c01c003214fe1ad
REC n=137 t_us=3868048 h=0x0010 len=16 data=aa94f0f465fffffff8080d00412af645
REC n=138 t_us=3908046 h=0x0010 len=16 data=aa950118000000000000feff00007246
REC n=139 t_us=3928048 h=0x0010 len=16 data=aa9624042e000000000000000000f0e1
REC n=140 t_us=3968045 h=0x0010 len=16 data=aa97232f00000000000000000000e9d0
REC n=141 t_us=3988050 h=0x0010 len=16 data=aa9807010200000056117eea00007aa4
REC n=142 t_us=4008051 h=0x0010 len=16 data=aa991d00ab04a08c64502748395e1e28
REC n=143 t_us=4048052 h=0x0010 len=16 data=aa9a646464625f5d5b5955010101d546
REC n=144 t_us=4068059 h=0x0010 len=16 data=aa9b0101010100000000fbfbecd30e91
REC n=145 t_us=4108067 h=0x0010 len=16 data=aa9c0118000000000000ffff00006e73
REC n=146 t_us=4128055 h=0x0010 len=16 data=aa9d24042e000000000000000000ea6a
REC n=147 t_us=4168059 h=0x0010 len=16 data=aa9e232f00000000000000000000f419
REC n=148 t_us=4188060 h=0x0010 len=16 data=aa9fb5a1b0bfd800000000000000dfe1
REC n=149 t_us=4208068 h=0x0010 len=16 data=aaa000000000020c000035006a00d1bd
REC n=150 t_us=4248064 h=0x0010 len=16 data=aaa188044a5357583036323430360894
REC n=151 t_us=4268082 h=0x0010 len=16 data=aaa231344e4242463930333500005e71
REC n=152 t_us=4308063 h=0x0010 len=16 data=aaa30118000000000000ffffffff3a3c
REC n=153 t_us=4328085 h=0x0010 len=16 data=aaa424042e000000000000000000b653
REC n=154 t_us=4348069 h=0x0010 len=16 data=aaa5232f00000000000000000000af62
REC n=155 t_us=4388071 h=0x0010 len=16 data=aaa6000000000000000000000000b4ce
REC n=156 t_us=4408070 h=0x0010 len=16 data=aaa7000000000000000000000000b64f
REC n=157 t_us=4448071 h=0x0010 len=16 data=aaa801801b000000400052a8194013c9
REC n=158 t_us=4468073 h=0x0010 len=16 data=aaa9028288135c4488132400ec02f999
REC n=159 t_us=4488079 h=0x0010 len=16 data=aaaa0118000000000000ffffffff27f5
REC n=160 t_us=4528075 h=0x0010 len=16 data=aaab24042e000000000000000000a25c
REC n=161 t_us=4548080 h=0x0010 len=16 data=aaac232f00000000000000000000b2ab
REC n=162 t_us=4588074 h=0x0010 len=16 data=aaad0048005f00021000000100801d27
REC n=163 t_us=4608083 h=0x0010 len=16 data=aaae55f04b0b18000000803a40005cef
REC n=164 t_us=4628084 h=0x0010 len=16 data=aaaf08610005460c2f78a00f090076a9
REC n=165 t_us=4668084 h=0x0010 len=16 data=aab00118000000000000feff00000123
REC n=166 t_us=4688091 h=0x0010 len=16 data=aab124042e00000000000000000084c6
REC n=167 t_us=4728098 h=0x0010 len=16 data=aab2232f000000000000000000009ab5
REC n=168 t_us=4748091 h=0x0010 len=16 data=aab3014a020500300004880018007178
REC n=169 t_us=4788090 h=0x0010 len=16 data=aab40000800c890c7b0c440600003545
REC n=170 t_us=4808095 h=0x0010 len=16 data=aab51900e84f7918060eb40ab000e32b
REC n=171 t_us=4828096 h=0x0010 len=16 data=aab6060806080000cb020122f13fe224
REC n=172 t_us=4868099 h=0x0010 len=16 data=aa800118000000000000ffff0000412f
REC n=173 t_us=4888100 h=0x0010 len=16 data=aa8124042e000000000000000000c536
REC n=174 t_us=4928098 h=0x0010 len=16 data=aa82232f00000000000000000000db45
REC n=175 t_us=4948105 h=0x0010 len=16 data=aa83000100011101b70111019f00058c
REC n=176 t_us=4968105 h=0x0010 len=16 data=aa840000090a10560001310051c45a55
REC n=177 t_us=5008107 h=0x0010 len=16 data=aa8513088003e204080b1000507864d4
REC n=178 t_us=5028104 h=0x0010 len=16 data=aa868403f4010400a00f8813c003f9eb
REC n=179 t_us=5068110 h=0x0010 len=16 data=aa870118000000000000ffffffff4bd8
REC n=180 t_us=5088110 h=0x0010 len=16 data=aa8824042e000000000000000000d8ff
REC n=181 t_us=5108112 h=0x0010 len=16 data=aa89232f00000000000000000000c1ce
REC n=182 t_us=5148113 h=0x0010 len=16 data=aa8a480c1c0207284901230020001521
REC n=183 t_us=5168122 h=0x0010 len=16 data=aa8b40005c03474c775419031a0e80f3
REC n=184 t_us=5208111 h=0x0010 len=16 data=aa8c2225bf0420034006b80b3e02672c
REC n=185 t_us=5228124 h=0x0010 len=16 data=aa8d800c800000006c07102780008244
REC n=186 t_us=5268117 h=0x0010 len=16 data=aa8e0118000000000000ffff000057a1
REC n=187 t_us=5288121 h=0x0010 len=16 data=aa8f24042e000000000000000000d3b8
REC n=188 t_us=5308124 h=0x0010 len=16 data=aa90232f00000000000000000000e297
REC n=189 t_us=5348133 h=0x0010 len=16 data=aa910b000f00465a667332000b9ed1a0
REC n=190 t_us=5368124 h=0x0010 len=16 data=aa92000000000000000000000000fbba
REC n=191 t_us=5408126 h=0x0010 len=16 data=aa93d804480804242c01c003214fe1ad
REC n=192 t_us=5428129 h=0x0010 len=16 data=aa94f0f465fffffff8080d00412af645
REC n=193 t_us=5448132 h=0x0010 len=16 data=aa950118000000000000feffffff73f6
REC n=194 t_us=5488131 h=0x0010 len=16 data=aa9624042e000000000000000000f0e1
REC n=195 t_us=5528139 h=0x0010 len=16 data=aa97232f00000000000000000000e9d0
REC n=196 t_us=5548132 h=0x0010 len=16 data=aa9807010200000056117eea00007aa4
REC n=197 t_us=5568137 h=0x0010 len=16 data=aa991d00ab04a08c64502748395e1e28
REC n=198 t_us=5588134 h=0x0010 len=16 data=aa9a646464625f5d5b5955010101d546
REC n=199 t_us=5628136 h=0x0010 len=16 data=aa9b0101010100000000fbfbecd30e91
REC n=200 t_us=5648138 h=0x0010 len=16 data=aa9c0118000000000000feffffff6e3f
REC n=201 t_us=5688148 h=0x0010 len=16 data=aa9d24042e000000000000000000ea6a
REC n=202 t_us=5708140 h=0x0010 len=16 data=aa9e232f00000000000000000000f419
REC n=203 t_us=5728145 h=0x0010 len=16 data=aa9fb5a1b0bfd800000000000000dfe1
REC n=204 t_us=5768145 h=0x0010 len=16 data=aaa000000000020c000035006a00d1bd
REC n=205 t_us=5788165 h=0x0010 len=16 data=aaa188044a5357583036323430360894
REC n=206 t_us=5828144 h=0x0010 len=16 data=aaa231344e4242463930333500005e71
REC n=207 t_us=5848165 h=0x0010 len=16 data=aaa30118000000000000ffffffff3a3c
REC n=208 t_us=5888148 h=0x0010 len=16 data=aaa424042e000000000000000000b653
REC n=209 t_us=5908167 h=0x0010 len=16 data=aaa5232f00000000000000000000af62
REC n=210 t_us=5928156 h=0x0010 len=16 data=aaa6000000000000000000000000b4ce
REC n=211 t_us=5968163 h=0x0010 len=16 data=aaa7000000000000000000000000b64f
REC n=212 t_us=5988153 h=0x0010 len=16 data=aaa801801b000000400052a8194013c9
REC n=213 t_us=6028157 h=0x0010 len=16 data=aaa9028288135c4488132400ec02f999
REC n=214 t_us=6048156 h=0x0010 len=16 data=aaaa0118000000000000feffffff2609
REC n=215 t_us=6068163 h=0x0010 len=16 data=aaab24042e000000000000000000a25c
REC n=216 t_us=6108161 h=0x0010 len=16 data=aaac232f00000000000000000000b2ab
REC n=217 t_us=6128180 h=0x0010 len=16 data=aaad0048005f00021000000100801d27
REC n=218 t_us=6168160 h=0x0010 len=16 data=aaae55f04b0b18000000803a40005cef
REC n=219 t_us=6188183 h=0x0010 len=16 data=aaaf08610005460c2f78a00f090076a9
REC n=220 t_us=6208168 h=0x0010 len=16 data=aab00118000000000000feffffff0093
REC n=221 t_us=6248167 h=0x0010 len=16 data=aab124042e00000000000000000084c6
REC n=222 t_us=6268169 h=0x0010 len=16 data=aab2232f000000000000000000009ab5
REC n=223 t_us=6308170 h=0x0010 len=16 data=aab3014a020500300004880018007178
REC n=224 t_us=6328172 h=0x0010 len=16 data=aab40000800c890c7b0c440600003545
REC n=225 t_us=6348175 h=0x0010 len=16 data=aab51900e84f7918060eb40ab000e32b
REC n=226 t_us=6388176 h=0x0010 len=16 data=aab6060806080000cb020122f13fe224
REC n=227 t_us=6408195 h=0x0010 len=16 data=aa800118000000000000ffff0000412f
REC n=228 t_us=6448175 h=0x0010 len=16 data=aa8124042e000000000000000000c536
REC n=229 t_us=6468198 h=0x0010 len=16 data=aa82232f00000000000000000000db45
REC n=230 t_us=6508179 h=0x0010 len=16 data=aa83000100011101b70111019f00058c
REC n=231 t_us=6528200 h=0x0010 len=16 data=aa840000090a10560001310051c45a55
REC n=232 t_us=6548187 h=0x0010 len=16 data=aa8513088003e204080b1000507864d4
REC n=233 t_us=6588194 h=0x0010 len=16 data=aa868403f4010400a00f8813c003f9eb
REC n=234 t_us=6608187 h=0x0010 len=16 data=aa870118000000000000feff00004b94
REC n=235 t_us=6648190 h=0x0010 len=16 data=aa8824042e000000000000000000d8ff
REC n=236 t_us=6668189 h=0x0010 len=16 data=aa89232f00000000000000000000c1ce
REC n=237 t_us=6688196 h=0x0010 len=16 data=aa8a480c1c0207284901230020001521
REC n=238 t_us=6728193 h=0x0010 len=16 data=aa8b40005c03474c775419031a0e80f3
REC n=239 t_us=6748216 h=0x0010 len=16 data=aa8c2225bf0420034006b80b3e02672c
REC n=240 t_us=6788192 h=0x0010 len=16 data=aa8d800c800000006c07102780008244
REC n=241 t_us=6808218 h=0x0010 len=16 data=aa8e0118000000000000ffff000057a1
REC n=242 t_us=6828200 h=0x0010 len=16 data=aa8f24042e000000000000000000d3b8
REC n=243 t_us=6868201 h=0x0010 len=16 data=aa90232f00000000000000000000e297
REC n=244 t_us=6888200 h=0x0010 len=16 data=aa910b000f00465a667332000b9ed1a0
REC n=245 t_us=6928204 h=0x0010 len=16 data=aa92000000000000000000000000fbba
REC n=246 t_us=6948203 h=0x0010 len=16 data=aa93d804480804242c01c003214fe1ad
REC n=247 t_us=6968211 h=0x0010 len=16 data=aa94f0f465fffffff8080d00412af645
REC n=248 t_us=7008188 h=0x0010 len=16 data=aa950118000000000000feffffff73f6
REC n=249 t_us=7028211 h=0x0010 len=16 data=aa9624042e000000000000000000f0e1
REC n=250 t_us=7068187 h=0x0010 len=16 data=aa97232f00000000000000000000e9d0
REC n=251 t_us=7088214 h=0x0010 len=16 data=aa9807010200000056117eea00007aa4
REC n=252 t_us=7128192 h=0x0010 len=16 data=aa991d00ab04a08c64502748395e1e28
REC n=253 t_us=7148217 h=0x0010 len=16 data=aa9a646464625f5d5b5955010101d546
REC n=254 t_us=7168221 h=0x0010 len=16 data=aa9b0101010100000000fbfbecd30e91
REC n=255 t_us=7208209 h=0x0010 len=16 data=aa9c0118000000000000feff00006f8f
REC n=256 t_us=7228221 h=0x0010 len=16 data=aa9d24042e000000000000000000ea6a
REC n=257 t_us=7268202 h=0x0010 len=16 data=aa9e232f00000000000000000000f419
REC n=258 t_us=7288224 h=0x0010 len=16 data=aa9fb5a1b0bfd800000000000000dfe1
REC n=259 t_us=7308225 h=0x0010 len=16 data=aaa000000000020c000035006a00d1bd
REC n=260 t_us=7348209 h=0x0010 len=16 data=aaa188044a5357583036323430360894
REC n=261 t_us=7368228 h=0x0010 len=16 data=aaa231344e4242463930333500005e71
REC n=262 t_us=7408207 h=0x0010 len=16 data=aaa30118000000000000ffff00003b8c
REC n=263 t_us=7428231 h=0x0010 len=16 data=aaa424042e000000000000000000b653
REC n=264 t_us=7448233 h=0x0010 len=16 data=aaa5232f00000000000000000000af62
REC n=265 t_us=7488213 h=0x0010 len=16 data=aaa6000000000000000000000000b4ce
REC n=266 t_us=7508232 h=0x0010 len=16 data=aaa7000000000000000000000000b64f
REC n=267 t_us=7548217 h=0x0010 len=16 data=aaa801801b000000400052a8194013c9
REC n=268 t_us=7568236 h=0x0010 len=16 data=aaa9028288135c4488132400ec02f999
REC n=269 t_us=7608236 h=0x0010 len=16 data=aaaa0118000000000000feff000027b9
REC n=270 t_us=7628240 h=0x0010 len=16 data=aaab24042e000000000000000000a25c
REC n=271 t_us=7648243 h=0x0010 len=16 data=aaac232f00000000000000000000b2ab
REC n=272 t_us=7688223 h=0x0010 len=16 data=aaad0048005f00021000000100801d27
REC n=273 t_us=7708244 h=0x0010 len=16 data=aaae55f04b0b18000000803a40005cef
REC n=274 t_us=7748227 h=0x0010 len=16 data=aaaf08610005460c2f78a00f090076a9
REC n=275 t_us=7768247 h=0x0010 len=16 data=aab00118000000000000ffff000000df
REC n=276 t_us=7788253 h=0x0010 len=16 data=aab124042e00000000000000000084c6
REC n=277 t_us=7828241 h=0x0010 len=16 data=aab2232f000000000000000000009ab5
REC n=278 t_us=7848251 h=0x0010 len=16 data=aab3014a020500300004880018007178
REC n=279 t_us=7888240 h=0x0010 len=16 data=aab40000800c890c7b0c440600003545
REC n=280 t_us=7908255 h=0x0010 len=16 data=aab51900e84f7918060eca0ab000fb03
REC n=281 t_us=7928260 h=0x0010 len=16 data=aab6060806080000cb020122f13fe224
REC n=282 t_us=7968239 h=0x0010 len=16 data=aa800118000000000000feffffff4163
REC n=283 t_us=7988261 h=0x0010 len=16 data=aa8124042e000000000000000000c536
REC n=284 t_us=8028239 h=0x0010 len=16 data=aa82232f00000000000000000000db45
REC n=285 t_us=8048265 h=0x0010 len=16 data=aa83000100011101b70111019f00058c
REC n=286 t_us=8068266 h=0x0010 len=16 data=aa840000090a10560001310051c45a55
REC n=287 t_us=8108247 h=0x0010 len=16 data=aa8513088003e204080b1000507864d4
REC n=288 t_us=8128267 h=0x0010 len=16 data=aa868403f4010400a00f8813c003f9eb
REC n=289 t_us=8168251 h=0x0010 len=16 data=aa870118000000000000feffffff4a24
REC n=290 t_us=8188270 h=0x0010 len=16 data=aa8824042e000000000000000000d8ff
REC n=291 t_us=8228270 h=0x0010 len=16 data=aa89232f00000000000000000000c1ce
REC n=292 t_us=8248273 h=0x0010 len=16 data=aa8a480c1c0207284901230020001521
REC n=293 t_us=8268277 h=0x0010 len=16 data=aa8b40005c03474c775419031a0e80f3
REC n=294 t_us=8328892 h=0x0010 len=16 data=aa8c2225bf0420034006b80b3e02672c
REC n=295 t_us=8329043 h=0x0010 len=16 data=aa8d800c800000006c07102780008244
REC n=296 t_us=8368261 h=0x0010 len=16 data=aa8e0118000000000000feff0000565d
REC n=297 t_us=8388282 h=0x0010 len=16 data=aa8f24042e000000000000000000d3b8
REC n=298 t_us=8408290 h=0x0010 len=16 data=aa90232f00000000000000000000e297
REC n=299 t_us=8448268 h=0x0010 len=16 data=aa910b000f00465a667332000b9ed1a0
REC n=300 t_us=8468279 h=0x0010 len=16 data=aa92000000000000000000000000fbba
REC n=301 t_us=8508272 h=0x0010 len=16 data=aa93d804480804242c01c003214fe1ad
REC n=302 t_us=8528304 h=0x0010 len=16 data=aa94f0f465fffffff8080d00412af645
REC n=303 t_us=8548275 h=0x0010 len=16 data=aa950118000000000000feff00007246
REC n=304 t_us=8588274 h=0x0010 len=16 data=aa9624042e000000000000000000f0e1
REC n=305 t_us=8608294 h=0x0010 len=16 data=aa97232f00000000000000000000e9d0
REC n=306 t_us=8648280 h=0x0010 len=16 data=aa9807010200000056117eea00007aa4
REC n=307 t_us=8668304 h=0x0010 len=16 data=aa991d00ab04a08c64502748395e1e28
REC n=308 t_us=8688308 h=0x0010 len=16 data=aa9a646464625f5d5b5955010101d546
REC n=309 t_us=8728284 h=0x0010 len=16 data=aa9b0101010100000000fbfbecd30e91
REC n=310 t_us=8748308 h=0x0010 len=16 data=aa9c0118000000000000feff00006f8f
REC n=311 t_us=8788281 h=0x0010 len=16 data=aa9d24042e000000000000000000ea6a
REC n=312 t_us=8808308 h=0x0010 len=16 data=aa9e232f00000000000000000000f419
REC n=313 t_us=8848286 h=0x0010 len=16 data=aa9fb5a1b0bfd800000000000000dfe1
REC n=314 t_us=8868309 h=0x0010 len=16 data=aaa000000000020c000035006a00d1bd
REC n=315 t_us=8888310 h=0x0010 len=16 data=aaa188044a5357583036323430360894
REC n=316 t_us=8928294 h=0x0010 len=16 data=aaa231344e4242463930333500005e71
REC n=317 t_us=8948312 h=0x0010 len=16 data=aaa30118000000000000feffffff3bc0
REC n=318 t_us=8988292 h=0x0010 len=16 data=aaa424042e000000000000000000b653
REC n=319 t_us=9008325 h=0x0010 len=16 data=aaa5232f00000000000000000000af62
REC n=320 t_us=9028329 h=0x0010 len=16 data=aaa6000000000000000000000000b4ce
REC n=321 t_us=9068310 h=0x0010 len=16 data=aaa7000000000000000000000000b64f
REC n=322 t_us=9088325 h=0x0010 len=16 data=aaa801801b000000400052a8194013c9
REC n=323 t_us=9128304 h=0x0010 len=16 data=aaa9028288135c4488132400ec02f999
REC n=324 t_us=9148330 h=0x0010 len=16 data=aaaa0118000000000000feff000027b9
REC n=325 t_us=9168330 h=0x0010 len=16 data=aaab24042e000000000000000000a25c
REC n=326 t_us=9208308 h=0x0010 len=16 data=aaac232f00000000000000000000b2ab
REC n=327 t_us=9228329 h=0x0010 len=16 data=aaad0048005f00021000000100801d27
REC n=328 t_us=9268328 h=0x0010 len=16 data=aaae55f04b0b18000000803a40005cef
REC n=329 t_us=9288329 h=0x0010 len=16 data=aaaf08610005460c2f78a00f090076a9
REC n=330 t_us=9328310 h=0x0010 len=16 data=aab00118000000000000feff00000123
REC n=331 t_us=9348331 h=0x0010 len=16 data=aab124042e00000000000000000084c6
REC n=332 t_us=9368336 h=0x0010 len=16 data=aab2232f000000000000000000009ab5
REC n=333 t_us=9408315 h=0x0010 len=16 data=aab3014a020500300004880018007178
REC n=334 t_us=9428336 h=0x0010 len=16 data=aab40000800c890c7b0c440600003545
REC n=335 t_us=9468325 h=0x0010 len=16 data=aab51900e84f7918060eee0ab000f1f3
REC n=336 t_us=9488339 h=0x0010 len=16 data=aab6060806080000cb020122f13fe224
REC n=337 t_us=9508341 h=0x0010 len=16 data=aa800118000000000000ffff0000412f
REC n=338 t_us=9548329 h=0x0010 len=16 data=aa8124042e000000000000000000c536
REC n=339 t_us=9568342 h=0x0010 len=16 data=aa82232f00000000000000000000db45
REC n=340 t_us=9608329 h=0x0010 len=16 data=aa83000100011101b70111019f00058c
REC n=341 t_us=9628345 h=0x0010 len=16 data=aa840000090a10560001310051c45a55
REC n=342 t_us=9648354 h=0x0010 len=16 data=aa8513088003e204080b1000507864d4
REC n=343 t_us=9688342 h=0x0010 len=16 data=aa868403f4010400a00f8813c003f9eb
REC n=344 t_us=9708354 h=0x0010 len=16 data=aa870118000000000000feffffff4a24
REC n=345 t_us=9748330 h=0x0010 len=16 data=aa8824042e000000000000000000d8ff
REC n=346 t_us=9768355 h=0x0010 len=16 data=aa89232f00000000000000000000c1ce
REC n=347 t_us=9788356 h=0x0010 len=16 data=aa8a480c1c0207284901230020001521
REC n=348 t_us=9828336 h=0x0010 len=16 data=aa8b40005c03474c775419031a0e80f3
REC n=349 t_us=9848357 h=0x0010 len=16 data=aa8c2225bf0420034006b80b3e02672c
REC n=350 t_us=9888359 h=0x0010 len=16 data=aa8d800c800000006c07102780008244
REC n=351 t_us=9908360 h=0x0010 len=16 data=aa8e0118000000000000feff0000565d
REC n=352 t_us=9948341 h=0x0010 len=16 data=aa8f24042e000000000000000000d3b8
REC n=353 t_us=9968364 h=0x0010 len=16 data=aa90232f00000000000000000000e297
REC n=354 t_us=9988368 h=0x0010 len=16 data=aa910b000f00465a667332000b9ed1a0
REC n=355 t_us=10028345 h=0x0010 len=16 data=aa92000000000000000000000000fbba
REC n=356 t_us=10048377 h=0x0010 len=16 data=aa93d804480804242c01c003214fe1ad
REC n=357 t_us=10088348 h=0x0010 len=16 data=aa94f0f465fffffff8080d00412af645
REC n=358 t_us=10108376 h=0x0010 len=16 data=aa950118000000000000feffffff73f6
REC n=359 t_us=10128373 h=0x0010 len=16 data=aa9624042e000000000000000000f0e1
REC n=360 t_us=10168357 h=0x0010 len=16 data=aa97232f00000000000000000000e9d0
REC n=361 t_us=10188373 h=0x0010 len=16 data=aa9807010200000056117eea00007aa4
REC n=362 t_us=10228376 h=0x0010 len=16 data=aa991d00ab04a08c64502748395e1e28
REC n=363 t_us=10248376 h=0x0010 len=16 data=aa9a646464625f5d5b5955010101d546
REC n=364 t_us=10268385 h=0x0010 len=16 data=aa9b0101010100000000fbfbecd30e91
REC n=365 t_us=10308381 h=0x0010 len=16 data=aa9c0118000000000000feffffff6e3f
REC n=366 t_us=10328383 h=0x0010 len=16 data=aa9d24042e000000000000000000ea6a
REC n=367 t_us=10368361 h=0x0010 len=16 data=aa9e232f00000000000000000000f419
REC n=368 t_us=10388386 h=0x0010 len=16 data=aa9fb5a1b0bfd800000000000000dfe1
REC n=369 t_us=10408387 h=0x0010 len=16 data=aaa000000000020c000035006a00d1bd
REC n=370 t_us=10448377 h=0x0010 len=16 data=aaa188044a5357583036323430360894
REC n=371 t_us=10468389 h=0x0010 len=16 data=aaa231344e4242463930333500005e71
REC n=372 t_us=10508390 h=0x0010 len=16 data=aaa30118000000000000ffffffff3a3c
REC n=373 t_us=10528391 h=0x0010 len=16 data=aaa424042e000000000000000000b653
REC n=374 t_us=10568376 h=0x0010 len=16 data=aaa5232f00000000000000000000af62
REC n=375 t_us=10588395 h=0x0010 len=16 data=aaa6000000000000000000000000b4ce
REC n=376 t_us=10608397 h=0x0010 len=16 data=aaa7000000000000000000000000b64f
REC n=377 t_us=10648380 h=0x0010 len=16 data=aaa801801b000000400052a8194013c9
REC n=378 t_us=10668402 h=0x0010 len=16 data=aaa9028288135c4488132400ec02f999
REC n=379 t_us=10708379 h=0x0010 len=16 data=aaaa0118000000000000feffffff2609
REC n=380 t_us=10728405 h=0x0010 len=16 data=aaab24042e000000000000000000a25c
REC n=381 t_us=10748412 h=0x0010 len=16 data=aaac232f00000000000000000000b2ab
REC n=382 t_us=10788387 h=0x0010 len=16 data=aaad0048005f00021000000100801d27
REC n=383 t_us=10808412 h=0x0010 len=16 data=aaae55f04b0b18000000803a40005cef
REC n=384 t_us=10848454 h=0x0010 len=16 data=aaaf08610005460c2f78a00f090076a9
REC n=385 t_us=10868409 h=0x0010 len=16 data=aab00118000000000000ffff000000df
REC n=386 t_us=10888422 h=0x0010 len=16 data=aab124042e00000000000000000084c6
REC n=387 t_us=10928404 h=0x0010 len=16 data=aab2232f000000000000000000009ab5
REC n=388 t_us=10948416 h=0x0010 len=16 data=aab3014a020500300004880018007178
REC n=389 t_us=10988396 h=0x0010 len=16 data=aab40000800c890c7b0c440600003545
REC n=390 t_us=11008419 h=0x0010 len=16 data=aab51900e84f7918060efa0ab000f403
REC n=391 t_us=11048398 h=0x0010 len=16 data=aab6060806080000cb020122f13fe224
REC n=392 t_us=11068422 h=0x0010 len=16 data=aa800118000000000000ffff0000412f
REC n=393 t_us=11088422 h=0x0010 len=16 data=aa8124042e000000000000000000c536
REC n=394 t_us=11128415 h=0x0010 len=16 data=aa82232f00000000000000000000db45
REC n=395 t_us=11148424 h=0x0010 len=16 data=aa83000100011101b70111019f00058c
REC n=396 t_us=11188414 h=0x0010 len=16 data=aa840000090a10560001310051c45a55
REC n=397 t_us=11208427 h=0x0010 len=16 data=aa8513088003e204080b1000507864d4
REC n=398 t_us=11228431 h=0x0010 len=16 data=aa868403f4010400a00f8813c003f9eb
REC n=399 t_us=11268413 h=0x0010 len=16 data=aa870118000000000000feffffff4a24
REC n=400 t_us=11288433 h=0x0010 len=16 data=aa8824042e000000000000000000d8ff
REC n=401 t_us=11328411 h=0x0010 len=16 data=aa89232f00000000000000000000c1ce
REC n=402 t_us=11348436 h=0x0010 len=16 data=aa8a480c1c0207284901230020001521
REC n=403 t_us=11368437 h=0x0010 len=16 data=aa8b40005c03474c775419031a0e80f3
REC n=404 t_us=11408419 h=0x0010 len=16 data=aa8c2225bf0420034006b80b3e02672c
REC n=405 t_us=11428437 h=0x0010 len=16 data=aa8d800c800000006c07102780008244
REC n=406 t_us=11468422 h=0x0010 len=16 data=aa8e0118000000000000feffffff57ed
REC n=407 t_us=11488441 h=0x0010 len=16 data=aa8f24042e000000000000000000d3b8
REC n=408 t_us=11508449 h=0x0010 len=16 data=aa90232f00000000000000000000e297
REC n=409 t_us=11548434 h=0x0010 len=16 data=aa910b000f00465a667332000b9ed1a0
REC n=410 t_us=11568449 h=0x0010 len=16 data=aa92000000000000000000000000fbba
REC n=411 t_us=11608428 h=0x0010 len=16 data=aa93d804480804242c01c003214fe1ad
REC n=412 t_us=11628452 h=0x0010 len=16 data=aa94f0f465fffffff8080d00412af645
REC n=413 t_us=11668428 h=0x0010 len=16 data=aa950118000000000000feffffff73f6
REC n=414 t_us=11688455 h=0x0010 len=16 data=aa9624042e000000000000000000f0e1
REC n=415 t_us=11708455 h=0x0010 len=16 data=aa97232f00000000000000000000e9d0
REC n=416 t_us=11748438 h=0x0010 len=16 data=aa9807010200000056117eea00007aa4
REC n=417 t_us=11768456 h=0x0010 len=16 data=aa991d00ab04a08c64502748395e1e28
REC n=418 t_us=11808440 h=0x0010 len=16 data=aa9a646464625f5d5b5955010101d546
REC n=419 t_us=11828460 h=0x0010 len=16 data=aa9b0101010100000000fbfbecd30e91
REC n=420 t_us=11848464 h=0x0010 len=16 data=aa9c0118000000000000feffffff6e3f
REC n=421 t_us=11888444 h=0x0010 len=16 data=aa9d24042e000000000000000000ea6a
REC n=422 t_us=11908465 h=0x0010 len=16 data=aa9e232f00000000000000000000f419
REC n=423 t_us=11948443 h=0x0010 len=16 data=aa9fb5a1b0bfd800000000000000dfe1
REC n=424 t_us=11968468 h=0x0010 len=16 data=aaa000000000020c000035006a00d1bd
REC n=425 t_us=11988469 h=0x0010 len=16 data=aaa188044a5357583036323430360894
REC n=426 t_us=12028468 h=0x0010 len=16 data=aaa231344e4242463930333500005e71
REC n=427 t_us=12048470 h=0x0010 len=16 data=aaa30118000000000000ffffffff3a3c
REC n=428 t_us=12088472 h=0x0010 len=16 data=aaa424042e000000000000000000b653
REC n=429 t_us=12108473 h=0x0010 len=16 data=aaa5232f00000000000000000000af62
REC n=430 t_us=12128482 h=0x0010 len=16 data=aaa6000000000000000000000000b4ce
REC n=431 t_us=12168467 h=0x0010 len=16 data=aaa7000000000000000000000000b64f
REC n=432 t_us=12188481 h=0x0010 len=16 data=aaa801801b000000400052a8194013c9
REC n=433 t_us=12228460 h=0x0010 len=16 data=aaa9028288135c4488132400ec02f999
REC n=434 t_us=12248484 h=0x0010 len=16 data=aaaa0118000000000000feff000027b9
REC n=435 t_us=12288461 h=0x0010 len=16 data=aaab24042e000000000000000000a25c
REC n=436 t_us=12308489 h=0x0010 len=16 data=aaac232f00000000000000000000b2ab
REC n=437 t_us=12328499 h=0x0010 len=16 data=aaad0048005f00021000000100801d27
REC n=438 t_us=12368490 h=0x0010 len=16 data=aaae55f04b0b18000000803a40005cef
REC n=439 t_us=12388496 h=0x0010 len=16 data=aaaf08610005460c2f78a00f090076a9
REC n=440 t_us=12428472 h=0x0010 len=16 data=aab00118000000000000ffffffff016f
REC n=441 t_us=12448498 h=0x0010 len=16 data=aab124042e00000000000000000084c6
REC n=442 t_us=12468502 h=0x0010 len=16 data=aab2232f000000000000000000009ab5
REC n=443 t_us=12508477 h=0x0010 len=16 data=aab3014a020500300004880018007178
REC n=444 t_us=12528504 h=0x0010 len=16 data=aab40000800c890c7b0c440600003545
REC n=445 t_us=12568476 h=0x0010 len=16 data=aab51900e84f7918060e7a0ab000ddc3
REC n=446 t_us=12588504 h=0x0010 len=16 data=aab6060806080000cb020122f13fe224
REC n=447 t_us=12608507 h=0x0010 len=16 data=aa800118000000000000ffff0000412f
REC n=448 t_us=12648486 h=0x0010 len=16 data=aa8124042e000000000000000000c536
REC n=449 t_us=12668507 h=0x0010 len=16 data=aa82232f00000000000000000000db45
REC n=450 t_us=12708511 h=0x0010 len=16 data=aa83000100011101b70111019f00058c
REC n=451 t_us=12728516 h=0x0010 len=16 data=aa840000090a10560001310051c45a55
REC n=452 t_us=12768530 h=0x0010 len=16 data=aa8513088003e204080b1000507864d4
REC n=453 t_us=12788510 h=0x0010 len=16 data=aa868403f4010400a00f8813c003f9eb
REC n=454 t_us=12808519 h=0x0010 len=16 data=aa870118000000000000feffffff4a24
REC n=455 t_us=12848502 h=0x0010 len=16 data=aa8824042e000000000000000000d8ff
REC n=456 t_us=12868528 h=0x0010 len=16 data=aa89232f00000000000000000000c1ce
REC n=457 t_us=12908501 h=0x0010 len=16 data=aa8a480c1c0207284901230020001521
REC n=458 t_us=12928527 h=0x0010 len=16 data=aa8b40005c03474c775419031a0e80f3
REC n=459 t_us=12948529 h=0x0010 len=16 data=aa8c2225bf0420034006b80b3e02672c
REC n=460 t_us=12988508 h=0x0010 len=16 data=aa8d800c800000006c07102780008244
REC n=461 t_us=13008531 h=0x0010 len=16 data=aa8e0118000000000000feff0000565d
REC n=462 t_us=13048527 h=0x0010 len=16 data=aa8f24042e000000000000000000d3b8
REC n=463 t_us=13068526 h=0x0010 len=16 data=aa90232f00000000000000000000e297
REC n=464 t_us=13088539 h=0x0010 len=16 data=aa910b000f00465a667332000b9ed1a0
REC n=465 t_us=13128518 h=0x0010 len=16 data=aa92000000000000000000000000fbba
REC n=466 t_us=13148532 h=0x0010 len=16 data=aa93d804480804242c01c003214fe1ad
REC n=467 t_us=13188518 h=0x0010 len=16 data=aa94f0f465fffffff8080d00412af645
REC n=468 t_us=13208536 h=0x0010 len=16 data=aa950118000000000000feff00007246
REC n=469 t_us=13228536 h=0x0010 len=16 data=aa9624042e000000000000000000f0e1
REC n=470 t_us=13268524 h=0x0010 len=16 data=aa97232f00000000000000000000e9d0
REC n=471 t_us=13288536 h=0x0010 len=16 data=aa9807010200000056117eea00007aa4
REC n=472 t_us=13328539 h=0x0010 len=16 data=aa991d00ab04a08c64502748395e1e28
REC n=473 t_us=13348539 h=0x0010 len=16 data=aa9a646464625f5d5b5955010101d546
REC n=474 t_us=13388540 h=0x0010 len=16 data=aa9b0101010100000000fbfbecd30e91
REC n=475 t_us=13408537 h=0x0010 len=16 data=aa9c0118000000000000ffff00006e73
REC n=476 t_us=13428547 h=0x0010 len=16 data=aa9d24042e000000000000000000ea6a
REC n=477 t_us=13468528 h=0x0010 len=16 data=aa9e232f00000000000000000000f419
REC n=478 t_us=13488548 h=0x0010 len=16 data=aa9fb5a1b0bfd800000000000000dfe1
REC n=479 t_us=13528529 h=0x0010 len=16 data=aaa000000000020c000035006a00d1bd
REC n=480 t_us=13548551 h=0x0010 len=16 data=aaa188044a5357583036323430360894
REC n=481 t_us=13568552 h=0x0010 len=16 data=aaa231344e4242463930333500005e71
REC n=482 t_us=13608538 h=0x0010 len=16 data=aaa30118000000000000feff00003a70
REC n=483 t_us=13628552 h=0x0010 len=16 data=aaa424042e000000000000000000b653
REC n=484 t_us=13668554 h=0x0010 len=16 data=aaa5232f00000000000000000000af62
REC n=485 t_us=13688556 h=0x0010 len=16 data=aaa6000000000000000000000000b4ce
REC n=486 t_us=13708562 h=0x0010 len=16 data=aaa7000000000000000000000000b64f
REC n=487 t_us=13748539 h=0x0010 len=16 data=aaa801801b000000400052a8194013c9
REC n=488 t_us=13768562 h=0x0010 len=16 data=aaa9028288135c4488132400ec02f999
REC n=489 t_us=13808542 h=0x0010 len=16 data=aaaa0118000000000000ffffffff27f5
REC n=490 t_us=13828566 h=0x0010 len=16 data=aaab24042e000000000000000000a25c
REC n=491 t_us=13848567 h=0x0010 len=16 data=aaac232f00000000000000000000b2ab
REC n=492 t_us=13888550 h=0x0010 len=16 data=aaad0048005f00021000000100801d27
REC n=493 t_us=13908568 h=0x0010 len=16 data=aaae55f04b0b18000000803a40005cef
REC n=494 t_us=13948568 h=0x0010 len=16 data=aaaf08610005460c2f78a00f090076a9
REC n=495 t_us=13968571 h=0x0010 len=16 data=aab00118000000000000ffffffff016f
REC n=496 t_us=14008570 h=0x0010 len=16 data=aab124042e00000000000000000084c6
REC n=497 t_us=14028568 h=0x0010 len=16 data=aab2232f000000000000000000009ab5
REC n=498 t_us=14048580 h=0x0010 len=16 data=aab3014a020500300004880018007178
REC n=499 t_us=14088560 h=0x0010 len=16 data=aab40000800c890c7b0c440600003545
REC n=500 t_us=14108585 h=0x0010 len=16 data=aab51900e84f7918060e7a0ab000ddc3
REC n=501 t_us=14148560 h=0x0010 len=16 data=aab6060806080000cb020122f13fe224
REC n=502 t_us=14168589 h=0x0010 len=16 data=aa800118000000000000ffff0000412f
REC n=503 t_us=14188585 h=0x0010 len=16 data=aa8124042e000000000000000000c536
REC n=504 t_us=14228567 h=0x0010 len=16 data=aa82232f00000000000000000000db45
REC n=505 t_us=14248586 h=0x0010 len=16 data=aa83000100011101b70111019f00058c
REC n=506 t_us=14288589 h=0x0010 len=16 data=aa840000090a10560001310051c45a55
REC n=507 t_us=14329207 h=0x0010 len=16 data=aa8513088003e204080b1000507864d4
REC n=508 t_us=14329357 h=0x0010 len=16 data=aa868403f4010400a00f8813c003f9eb
REC n=509 t_us=14368581 h=0x0010 len=16 data=aa870118000000000000ffff00004a68
REC n=510 t_us=14388591 h=0x0010 len=16 data=aa8824042e000000000000000000d8ff
REC n=511 t_us=14428577 h=0x0010 len=16 data=aa89232f00000000000000000000c1ce
REC n=512 t_us=14448595 h=0x0010 len=16 data=aa8a480c1c0207284901230020001521
REC n=513 t_us=14488638 h=0x0010 len=16 data=aa8b40005c03474c775419031a0e80f3
REC n=514 t_us=14508596 h=0x0010 len=16 data=aa8c2225bf0420034006b80b3e02672c
REC n=515 t_us=14528601 h=0x0010 len=16 data=aa8d800c800000006c07102780008244
REC n=516 t_us=14568584 h=0x0010 len=16 data=aa8e0118000000000000feffffff57ed
REC n=517 t_us=14588605 h=0x0010 len=16 data=aa8f24042e000000000000000000d3b8
REC n=518 t_us=14628601 h=0x0010 len=16 data=aa90232f00000000000000000000e297
REC n=519 t_us=14648622 h=0x0010 len=16 data=aa910b000f00465a667332000b9ed1a0
REC n=520 t_us=14668609 h=0x0010 len=16 data=aa92000000000000000000000000fbba
REC n=521 t_us=14708591 h=0x0010 len=16 data=aa93d804480804242c01c003214fe1ad
REC n=522 t_us=14728610 h=0x0010 len=16 data=aa94f0f465fffffff8080d00412af645
REC n=523 t_us=14768593 h=0x0010 len=16 data=aa950118000000000000feff00007246
REC n=524 t_us=14788613 h=0x0010 len=16 data=aa9624042e000000000000000000f0e1
REC n=525 t_us=14808619 h=0x0010 len=16 data=aa97232f00000000000000000000e9d0
REC n=526 t_us=14848598 h=0x0010 len=16 data=aa9807010200000056117eea00007aa4
REC n=527 t_us=14868619 h=0x0010 len=16 data=aa991d00ab04a08c64502748395e1e28
REC n=528 t_us=14908597 h=0x0010 len=16 data=aa9a646464625f5d5b5955010101d546
REC n=529 t_us=14928622 h=0x0010 len=16 data=aa9b0101010100000000fbfbecd30e91
REC n=530 t_us=14948625 h=0x0010 len=16 data=aa9c0118000000000000feff00006f8f
REC n=531 t_us=14988604 h=0x0010 len=16 data=aa9d24042e000000000000000000ea6a
REC n=532 t_us=15008626 h=0x0010 len=16 data=aa9e232f00000000000000000000f419
REC n=533 t_us=15048608 h=0x0010 len=16 data=aa9fb5a1b0bfd800000000000000dfe1
REC n=534 t_us=15068628 h=0x0010 len=16 data=aaa000000000020c000035006a00d1bd
REC n=535 t_us=15108628 h=0x0010 len=16 data=aaa188044a5357583036323430360894
REC n=536 t_us=15149247 h=0x0010 len=16 data=aaa231344e4242463930333500005e71
REC n=537 t_us=15149399 h=0x0010 len=16 data=aaa30118000000000000ffffffff3a3c
REC n=538 t_us=15188618 h=0x0010 len=16 data=aaa424042e000000000000000000b653
REC n=539 t_us=15208635 h=0x0010 len=16 data=aaa5232f00000000000000000000af62
REC n=540 t_us=15248634 h=0x0010 len=16 data=aaa6000000000000000000000000b4ce
REC n=541 t_us=15268631 h=0x0010 len=16 data=aaa7000000000000000000000000b64f
REC n=542 t_us=15288642 h=0x0010 len=16 data=aaa801801b000000400052a8194013c9
REC n=543 t_us=15328625 h=0x0010 len=16 data=aaa9028288135c4488132400ec02f999
REC n=544 t_us=15348642 h=0x0010 len=16 data=aaaa0118000000000000feff000027b9
REC n=545 t_us=15388623 h=0x0010 len=16 data=aaab24042e000000000000000000a25c
REC n=546 t_us=15408647 h=0x0010 len=16 data=aaac232f00000000000000000000b2ab
REC n=547 t_us=15428645 h=0x0010 len=16 data=aaad0048005f00021000000100801d27
REC n=548 t_us=15468631 h=0x0010 len=16 data=aaae55f04b0b18000000803a40005cef
REC n=549 t_us=15488646 h=0x0010 len=16 data=aaaf08610005460c2f78a00f090076a9
REC n=550 t_us=15528634 h=0x0010 len=16 data=aab00118000000000000ffff000000df
REC n=551 t_us=15548649 h=0x0010 len=16 data=aab124042e00000000000000000084c6
REC n=552 t_us=15568655 h=0x0010 len=16 data=aab2232f000000000000000000009ab5
REC n=553 t_us=15608638 h=0x0010 len=16 data=aab3014a020500300004880018007178
REC n=554 t_us=15628655 h=0x0010 len=16 data=aab40000800c890c7b0c440600003545
REC n=555 t_us=15668637 h=0x0010 len=16 data=aab51900e84f7918060ef70ab000f6af
REC n=556 t_us=15688658 h=0x0010 len=16 data=aab6060806080000cb020122f13fe224
REC n=557 t_us=15728640 h=0x0010 len=16 data=aa800118000000000000ffff0000412f
REC n=558 t_us=15748662 h=0x0010 len=16 data=aa8124042e000000000000000000c536
REC n=559 t_us=15768663 h=0x0010 len=16 data=aa82232f00000000000000000000db45
REC n=560 t_us=15808648 h=0x0010 len=16 data=aa83000100011101b70111019f00058c
REC n=561 t_us=15828664 h=0x0010 len=16 data=aa840000090a10560001310051c45a55
REC n=562 t_us=15868663 h=0x0010 len=16 data=aa8513088003e204080b1000507864d4
REC n=563 t_us=15888664 h=0x0010 len=16 data=aa868403f4010400a00f8813c003f9eb
REC n=564 t_us=15908675 h=0x0010 len=16 data=aa870118000000000000feff00004b94
REC n=565 t_us=15948650 h=0x0010 len=16 data=aa8824042e000000000000000000d8ff
REC n=566 t_us=15968676 h=0x0010 len=16 data=aa89232f00000000000000000000c1ce
REC n=567 t_us=16008653 h=0x0010 len=16 data=aa8a480c1c0207284901230020001521
REC n=568 t_us=16028680 h=0x0010 len=16 data=aa8b40005c03474c775419031a0e80f3
REC n=569 t_us=16048680 h=0x0010 len=16 data=aa8c2225bf0420034006b80b3e02672c
REC n=570 t_us=16088662 h=0x0010 len=16 data=aa8d800c800000006c07102780008244
REC n=571 t_us=16108681 h=0x0010 len=16 data=aa8e0118000000000000ffff000057a1
REC n=572 t_us=16148679 h=0x0010 len=16 data=aa8f24042e000000000000000000d3b8
REC n=573 t_us=16168684 h=0x0010 len=16 data=aa90232f00000000000000000000e297
REC n=574 t_us=16188689 h=0x0010 len=16 data=aa910b000f00465a667332000b9ed1a0
REC n=575 t_us=16228664 h=0x0010 len=16 data=aa92000000000000000000000000fbba
REC n=576 t_us=16248690 h=0x0010 len=16 data=aa93d804480804242c01c003214fe1ad
REC n=577 t_us=16288667 h=0x0010 len=16 data=aa94f0f465fffffff8080d00412af645
REC n=578 t_us=16308693 h=0x0010 len=16 data=aa950118000000000000ffffffff720a
REC n=579 t_us=16348667 h=0x0010 len=16 data=aa9624042e000000000000000000f0e1
REC n=580 t_us=16368696 h=0x0010 len=16 data=aa97232f00000000000000000000e9d0
REC n=581 t_us=16388697 h=0x0010 len=16 data=aa9807010200000056117eea00007aa4
REC n=582 t_us=16428679 h=0x0010 len=16 data=aa991d00ab04a08c64502748395e1e28
REC n=583 t_us=16448698 h=0x0010 len=16 data=aa9a646464625f5d5b5955010101d546
REC n=584 t_us=16488700 h=0x0010 len=16 data=aa9b0101010100000000fbfbecd30e91
REC n=585 t_us=16508696 h=0x0010 len=16 data=aa9c0118000000000000feffffff6e3f
REC n=586 t_us=16528708 h=0x0010 len=16 data=aa9d24042e000000000000000000ea6a
REC n=587 t_us=16568688 h=0x0010 len=16 data=aa9e232f00000000000000000000f419
REC n=588 t_us=16588709 h=0x0010 len=16 data=aa9fb5a1b0bfd800000000000000dfe1
REC n=589 t_us=16628687 h=0x0010 len=16 data=aaa000000000020c000035006a00d1bd
REC n=590 t_us=16648712 h=0x0010 len=16 data=aaa188044a5357583036323430360894
REC n=591 t_us=16668712 h=0x0010 len=16 data=aaa231344e4242463930333500005e71
REC n=592 t_us=16708695 h=0x0010 len=16 data=aaa30118000000000000feffffff3bc0
REC n=593 t_us=16728712 h=0x0010 len=16 data=aaa424042e000000000000000000b653
REC n=594 t_us=16768717 h=0x0010 len=16 data=aaa5232f00000000000000000000af62
REC n=595 t_us=16788717 h=0x0010 len=16 data=aaa6000000000000000000000000b4ce
REC n=596 t_us=16828699 h=0x0010 len=16 data=aaa7000000000000000000000000b64f
REC n=597 t_us=16848719 h=0x0010 len=16 data=aaa801801b000000400052a8194013c9
REC n=598 t_us=16868725 h=0x0010 len=16 data=aaa9028288135c4488132400ec02f999
REC n=599 t_us=16908704 h=0x0010 len=16 data=aaaa0118000000000000feff000027b9
REC n=600 t_us=16928726 h=0x0010 len=16 data=aaab24042e000000000000000000a25c
REC n=601 t_us=16968706 h=0x0010 len=16 data=aaac232f00000000000000000000b2ab
REC n=602 t_us=16988727 h=0x0010 len=16 data=aaad0048005f00021000000100801d27
REC n=603 t_us=17008727 h=0x0010 len=16 data=aaae55f04b0b18000000803a40005cef
REC n=604 t_us=17048714 h=0x0010 len=16 data=aaaf08610005460c2f78a00f090076a9
REC n=605 t_us=17068730 h=0x0010 len=16 data=aab00118000000000000feffffff0093
REC n=606 t_us=17108730 h=0x0010 len=16 data=aab124042e00000000000000000084c6
REC n=607 t_us=17128746 h=0x0010 len=16 data=aab2232f000000000000000000009ab5
REC n=608 t_us=17148738 h=0x0010 len=16 data=aab3014a020500300004880018007178
REC n=609 t_us=17188716 h=0x0010 len=16 data=aab40000800c890c7b0c440600003545
REC n=610 t_us=17208740 h=0x0010 len=16 data=aab51900e84f7918060ec40ab000f9eb
REC n=611 t_us=17248718 h=0x0010 len=16 data=aab6060806080000cb020122f13fe224
REC n=612 t_us=17268743 h=0x0010 len=16 data=aa800118000000000000feffffff4163
REC n=613 t_us=17288746 h=0x0010 len=16 data=aa8124042e000000000000000000c536
REC n=614 t_us=17328728 h=0x0010 len=16 data=aa82232f00000000000000000000db45
REC n=615 t_us=17348747 h=0x0010 len=16 data=aa83000100011101b70111019f00058c
REC n=616 t_us=17388746 h=0x0010 len=16 data=aa840000090a10560001310051c45a55
REC n=617 t_us=17408747 h=0x0010 len=16 data=aa8513088003e204080b1000507864d4
REC n=618 t_us=17448732 h=0x0010 len=16 data=aa868403f4010400a00f8813c003f9eb
REC n=619 t_us=17468752 h=0x0010 len=16 data=aa870118000000000000feffffff4a24
REC n=620 t_us=17488758 h=0x0010 len=16 data=aa8824042e000000000000000000d8ff
REC n=621 t_us=17528736 h=0x0010 len=16 data=aa89232f00000000000000000000c1ce
REC n=622 t_us=17548759 h=0x0010 len=16 data=aa8a480c1c0207284901230020001521
REC n=623 t_us=17588734 h=0x0010 len=16 data=aa8b40005c03474c775419031a0e80f3
REC n=624 t_us=17608760 h=0x0010 len=16 data=aa8c2225bf0420034006b80b3e02672c
REC n=625 t_us=17628760 h=0x0010 len=16 data=aa8d800c800000006c07102780008244
REC n=626 t_us=17668761 h=0x0010 len=16 data=aa8e0118000000000000feffffff57ed
REC n=627 t_us=17688762 h=0x0010 len=16 data=aa8f24042e000000000000000000d3b8
REC n=628 t_us=17728761 h=0x0010 len=16 data=aa90232f00000000000000000000e297
REC n=629 t_us=17748761 h=0x0010 len=16 data=aa910b000f00465a667332000b9ed1a0
REC n=630 t_us=17768772 h=0x0010 len=16 data=aa92000000000000000000000000fbba
REC n=631 t_us=17808751 h=0x0010 len=16 data=aa93d804480804242c01c003214fe1ad
REC n=632 t_us=17828772 h=0x0010 len=16 data=aa94f0f465fffffff8080d00412af645
REC n=633 t_us=17868759 h=0x0010 len=16 data=aa950118000000000000ffff000073ba
REC n=634 t_us=17888775 h=0x0010 len=16 data=aa9624042e000000000000000000f0e1
REC n=635 t_us=17908776 h=0x0010 len=16 data=aa97232f00000000000000000000e9d0
REC n=636 t_us=17948758 h=0x0010 len=16 data=aa9807010200000056117eea00007aa4
REC n=637 t_us=17968777 h=0x0010 len=16 data=aa991d00ab04a08c64502748395e1e28
REC n=638 t_us=18008779 h=0x0010 len=16 data=aa9a646464625f5d5b5955010101d546
REC n=639 t_us=18028782 h=0x0010 len=16 data=aa9b0101010100000000fbfbecd30e91
REC n=640 t_us=18068779 h=0x0010 len=16 data=aa9c0118000000000000ffff00006e73
REC n=641 t_us=18088785 h=0x0010 len=16 data=aa9d24042e000000000000000000ea6a
REC n=642 t_us=18108789 h=0x0010 len=16 data=aa9e232f00000000000000000000f419
REC n=643 t_us=18148766 h=0x0010 len=16 data=aa9fb5a1b0bfd800000000000000dfe1
REC n=644 t_us=18168789 h=0x0010 len=16 data=aaa000000000020c000035006a00d1bd
REC n=645 t_us=18208768 h=0x0010 len=16 data=aaa188044a5357583036323430360894
REC n=646 t_us=18228794 h=0x0010 len=16 data=aaa231344e4242463930333500005e71
REC n=647 t_us=18248794 h=0x0010 len=16 data=aaa30118000000000000ffff00003b8c
REC n=648 t_us=18288778 h=0x0010 len=16 data=aaa424042e000000000000000000b653
REC n=649 t_us=18308794 h=0x0010 len=16 data=aaa5232f00000000000000000000af62
REC n=650 t_us=18348793 h=0x0010 len=16 data=aaa6000000000000000000000000b4ce
REC n=651 t_us=18368810 h=0x0010 len=16 data=aaa7000000000000000000000000b64f
REC n=652 t_us=18388802 h=0x0010 len=16 data=aaa801801b000000400052a8194013c9
REC n=653 t_us=18428783 h=0x0010 len=16 data=aaa9028288135c4488132400ec02f999
REC n=654 t_us=18448804 h=0x0010 len=16 data=aaaa0118000000000000ffff00002645
REC n=655 t_us=18488786 h=0x0010 len=16 data=aaab24042e000000000000000000a25c
REC n=656 t_us=18508807 h=0x0010 len=16 data=aaac232f00000000000000000000b2ab
REC n=657 t_us=18528786 h=0x0010 len=16 data=aaad0048005f00021000000100801d27
REC n=658 t_us=18568793 h=0x0010 len=16 data=aaae55f04b0b18000000803a40005cef
REC n=659 t_us=18588813 h=0x0010 len=16 data=aaaf08610005460c2f78a00f090076a9
REC n=660 t_us=18628865 h=0x0010 len=16 data=aab00118000000000000ffff000000df
REC n=661 t_us=18648814 h=0x0010 len=16 data=aab124042e00000000000000000084c6
REC n=662 t_us=18688812 h=0x0010 len=16 data=aab2232f000000000000000000009ab5
REC n=663 t_us=18708816 h=0x0010 len=16 data=aab3014a020500300004880018007178
REC n=664 t_us=18728823 h=0x0010 len=16 data=aab40000800c890c7b0c440600003545
REC n=665 t_us=18768800 h=0x0010 len=16 data=aab51900e84f7918060ee00ab000f31b
REC n=666 t_us=18788823 h=0x0010 len=16 data=aab6060806080000cb020122f13fe224
REC n=667 t_us=18828803 h=0x0010 len=16 data=aa800118000000000000ffff0000412f
REC n=668 t_us=18848824 h=0x0010 len=16 data=aa8124042e000000000000000000c536
REC n=669 t_us=18868826 h=0x0010 len=16 data=aa82232f00000000000000000000db45
REC n=670 t_us=18908810 h=0x0010 len=16 data=aa83000100011101b70111019f00058c
REC n=671 t_us=18928829 h=0x0010 len=16 data=aa840000090a10560001310051c45a55
REC n=672 t_us=18968826 h=0x0010 len=16 data=aa8513088003e204080b1000507864d4
REC n=673 t_us=18988843 h=0x0010 len=16 data=aa868403f4010400a00f8813c003f9eb
REC n=674 t_us=19008835 h=0x0010 len=16 data=aa870118000000000000feff00004b94
REC n=675 t_us=19048813 h=0x0010 len=16 data=aa8824042e000000000000000000d8ff
REC n=676 t_us=19068837 h=0x0010 len=16 data=aa89232f00000000000000000000c1ce
REC n=677 t_us=19108817 h=0x0010 len=16 data=aa8a480c1c0207284901230020001521
REC n=678 t_us=19128843 h=0x0010 len=16 data=aa8b40005c03474c775419031a0e80f3
REC n=679 t_us=19168820 h=0x0010 len=16 data=aa8c2225bf0420034006b80b3e02672c
REC n=680 t_us=19188845 h=0x0010 len=16 data=aa8d800c800000006c07102780008244
REC n=681 t_us=19208845 h=0x0010 len=16 data=aa8e0118000000000000ffff000057a1
REC n=682 t_us=19248843 h=0x0010 len=16 data=aa8f24042e000000000000000000d3b8
REC n=683 t_us=19268846 h=0x0010 len=16 data=aa90232f00000000000000000000e297
REC n=684 t_us=19308830 h=0x0010 len=16 data=aa910b000f00465a667332000b9ed1a0
REC n=685 t_us=19328849 h=0x0010 len=16 data=aa92000000000000000000000000fbba
REC n=686 t_us=19348853 h=0x0010 len=16 data=aa93d804480804242c01c003214fe1ad
REC n=687 t_us=19388834 h=0x0010 len=16 data=aa94f0f465fffffff8080d00412af645
REC n=688 t_us=19408854 h=0x0010 len=16 data=aa950118000000000000ffffffff720a
REC n=689 t_us=19448833 h=0x0010 len=16 data=aa9624042e000000000000000000f0e1
REC n=690 t_us=19468863 h=0x0010 len=16 data=aa97232f00000000000000000000e9d0
REC n=691 t_us=19488865 h=0x0010 len=16 data=aa9807010200000056117eea00007aa4
REC n=692 t_us=19528840 h=0x0010 len=16 data=aa991d00ab04a08c64502748395e1e28
REC n=693 t_us=19548865 h=0x0010 len=16 data=aa9a646464625f5d5b5955010101d546
REC n=694 t_us=19588868 h=0x0010 len=16 data=aa9b0101010100000000fbfbecd30e91
REC n=695 t_us=19608863 h=0x0010 len=16 data=aa9c0118000000000000ffff00006e73
REC n=696 t_us=19628878 h=0x0010 len=16 data=aa9d24042e000000000000000000ea6a
REC n=697 t_us=19668848 h=0x0010 len=16 data=aa9e232f00000000000000000000f419
REC n=698 t_us=19688878 h=0x0010 len=16 data=aa9fb5a1b0bfd800000000000000dfe1
REC n=699 t_us=19728847 h=0x0010 len=16 data=aaa000000000020c000035006a00d1bd
REC n=700 t_us=19748882 h=0x0010 len=16 data=aaa188044a5357583036323430360894
REC n=701 t_us=19788852 h=0x0010 len=16 data=aaa231344e4242463930333500005e71
REC n=702 t_us=19808884 h=0x0010 len=16 data=aaa30118000000000000ffff00003b8c
REC n=703 t_us=19828885 h=0x0010 len=16 data=aaa424042e000000000000000000b653
REC n=704 t_us=19868868 h=0x0010 len=16 data=aaa5232f00000000000000000000af62
REC n=705 t_us=19888885 h=0x0010 len=16 data=aaa6000000000000000000000000b4ce
REC n=706 t_us=19928865 h=0x0010 len=16 data=aaa7000000000000000000000000b64f
REC n=707 t_us=19948887 h=0x0010 len=16 data=aaa801801b000000400052a8194013c9
REC n=708 t_us=19968894 h=0x0010 len=16 data=aaa9028288135c4488132400ec02f999
REC_END frames=709 printed=709 dropped=0 bytes=17016/20480
wf>  